---
source: src/ui/tests.rs
expression: "render(&mut state, 100, 45)"
---
"🦥 sloth v0.1.0  /work · 3 repos · .git 168.0 MB · 1.5 GB reclaimable · 3 cleanable branche[Default]" Hidden by multi-width symbols: [(1, " ")]
" 1 Repos │ 2 Dashboard                                                                              "
"┌Repositories (3)──────────────────────▲┌Details (Branches, Stashes, Worktrees) [github.com/acme/ap▲"
"│>> [ ] api (main) ●┌ Keys — ? or Esc to close ────────────────────────────────┐                   ║"
"│   [ ] web (main) [│Global                                                    │Up to date with ups█"
"│   [ ] docs (main) │  1-2 / Tab   switch tab                                  │ged) ↑0 ↓12 (+0 -0)█"
"│                   │  ?           toggle this help                            │                   █"
"│                   │  x / Enter   review & run the cleanup queue              │d) (Local)         █"
"│                   │  C           clear the queue                             │                   █"
"│                   │  t           cycle theme                                 │                   █"
"│                   │  u           install available update                    │                   █"
"│                   │  q           quit                                        │                   █"
"│                   │                                                          │                   █"
"│                   │Repositories                                              │                   █"
"│                   │  ↑↓          move                                        │                   █"
"│                   │  Space       mark repository                             │                   █"
"│                   │  → / l       open details                                │                   █"
"│                   │  a           smart-select merged & gone branches (marked │                   █"
"│                   │repos)                                                    │                   █"
"│                   │  p           prune remote-tracking branches              │                   █"
"│                   │  c           garbage collect                             │                   █"
"│                   │  X           deep clean untracked & ignored files        │                   █"
"│                   │  g           toggle graph                                │                   █"
"│                   │  /           filter                                      │                   █"
"│                   │                                                          │                   █"
"│                   │Details                                                   │                   █"
"│                   │  ↑↓          move                                        │                   █"
"│                   │  Space       add to / remove from queue                  │                   █"
"│                   │  a           smart-select merged & gone branches         │                   █"
"│                   │  A           select every unprotected branch             │                   █"
"│                   │  v           view diff                                   │                   █"
"│                   │  Esc         clear this repository's selection           │                   █"
"│                   │  ← / h       back to repositories                        │                   █"
"│                   │                                                          │                   █"
"│                   │Graph                                                     │                   █"
"│                   │  ↑↓←→        scroll                                      │                   █"
"│                   │  f           fullscreen                                  │                   █"
"│                   │  Esc / g     back                                        │                   ║"
"│                   │                                                          │                   ║"
"│                   │Dashboard                                                 │                   ║"
"│                   │  1           back to repositories                        │                   ║"
"│                   └──────────────────────────────────────────────────────────┘                   ║"
"│                                      ║│                                                          ║"
"└──────────────────────────────────────▼└──────────────────────────────────────────────────────────▼"
" Space mark  → details  a smart select  p/c/X prune/gc/deep clean  / filter  ? help                 "
