---
source: src/ui/tests.rs
assertion_line: 205
expression: "render(&mut state, 120, 12)"
---
"sloth vX.Y.Z  /work · 3 repos · .git 168.0 MB · 1.5 GB reclaimable · 3 cleanable branches                      [Default]"
" 1 Repos │ 2 Branches │ 3 Queue (4) │ 4 Dashboard                                                                       "
"┌ Cleanup queue · 4 branches in 2 repos · ! 1 need attention ──────────────────────────────────────────────────────────┐"
"│Repository              Action          Item                              Warning                            Frees    │"
"│api                     delete branch   feat/login                                                                    │"
"│                        delete branch   fix/typo                                                                      │"
"│                        delete branch   wip/cache                         ! unmerged, unpushed commits                │"
"│web                     delete branch   chore/deps                                                                    │"
"│                                                                                                                      │"
"│                                                                                                                      │"
"└ Enter/x run all  Space/d remove  C clear ────────────────────────────────────────────────────────────────────────────┘"
" x clean (4)  q quit │ Space remove  Enter run  C clear  ? help                           3 branches added to the queue "
