---
source: src/ui/tests.rs
expression: "render(&mut state, 120, 20)"
---
"🦥 sloth v0.1.0  /work · 3 repos · .git 168.0 MB · 1.5 GB reclaimable · 3 cleanable branches                   [Default]" Hidden by multi-width symbols: [(1, " ")]
" 1 Repos │ 2 Dashboard                                                                                                  "
"┌Repositories (3)──────────────────────────────▲┌Details (Branches, Stashes, Worktrees) [github.com/acme/api]──────────▲"
"│>> [ ] api (main) ● [.git 48.0 MB · 310.0 MB u█│--- Branches ---                                                      ║"
"│   [ ] web (main) [.git 120.0 MB · 1.2 GB untr█│>> 🔒  main (1d ago) [default branch] (Up to date with upstream)      █" Hidden by multi-width symbols: [(53, " ")]
"│   [ ] docs (main) [⠋]                        █│   [ ] feat/login (DEAD) (3mo ago) (Merged) ↑0 ↓12 (+0 -0)            █"
"│                                              █│   [ ] wip/cache (2d ago) (Local)                                     █"
"│                                              █│   [ ] fix/typo (6mo ago) (Squash-merged) (Local)                     █"
"│                                              █│--- Stashes ---                                                       █"
"│                                              █│   [ ] WIP on main: try new cache                                     █"
"│                                              █│--- Worktrees ---                                                     █"
"│                                              █│   🔒  /work/api [main]                                               █" Hidden by multi-width symbols: [(53, " ")]
"│                                              █│   [ ] /work/api-hotfix [hotfix]                                      █"
"│                                              █│                                                                      █"
"│                                              █│                                                                      ║"
"│                                              █│                                                                      ║"
"│                                              █│                                                                      ║"
"│                                              ║│                                                                      ║"
"└──────────────────────────────────────────────▼└──────────────────────────────────────────────────────────────────────▼"
" Space mark  → details  a smart select  p/c/X prune/gc/deep clean  / filter  ? help                                     "
