---
source: src/ui/tests.rs
expression: "render(&mut state, 100, 45)"
---
"🦥 sloth v0.1.0  /work · 3 repos · .git 168.0 MB · 1.5 GB reclaimable · 3 cleanable branche[Default]" Hidden by multi-width symbols: [(1, " ")]
" 1 Repos │ 2 Dashboard                                                                              "
"┌ Repositories 3/3 ─────────────────────────┐┌ api · github.com/acme/api ──────────────────────────┐"
"│    Repo Branch    ┌ Keys — ? or Esc to close ────────────────────────────────┐        Diff       │"
"│[ ] api  main ●    │Global                                                    │                   │"
"│[ ] docs main      │  1-2 / Tab   switch tab                                  │ ↑0 ↓12            │"
"│[ ] web  main      │  ?           toggle this help                            │  ↑3 ↓0     +120 -4│"
"│                   │  x / Enter   review & run the cleanup queue              │ ↑2 ↓30            │"
"│                   │  C           clear the queue                             │                   │"
"│                   │  t           cycle theme                                 │                   │"
"│                   │  u           install available update                    │            12.0 MB│"
"│                   │  q           quit                                        │                   │"
"│                   │                                                          │                   │"
"│                   │Repositories                                              │                   │"
"│                   │  ↑↓ PgUp/Dn  move                                        │                   │"
"│                   │  Space       mark repository (targets of a/p/c/X)        │                   │"
"│                   │  → / Enter   open details                                │                   │"
"│                   │  a           smart-select merged & gone branches         │                   │"
"│                   │  p           prune remote-tracking branches              │                   │"
"│                   │  c           garbage collect                             │                   │"
"│                   │  X           deep clean untracked & ignored files        │                   │"
"│                   │  /           filter by path or remote                    │                   │"
"│                   │  s           cycle sort (path, cleanable, reclaimable,   │                   │"
"│                   │.git)                                                     │                   │"
"│                   │  Esc         clear filter, then marks                    │                   │"
"│                   │  g           toggle graph                                │                   │"
"│                   │                                                          │                   │"
"│                   │Details                                                   │                   │"
"│                   │  ↑↓          move                                        │                   │"
"│                   │  Space       add to / remove from queue                  │                   │"
"│                   │  a           smart-select merged & gone branches         │                   │"
"│                   │  A           select every unprotected branch             │                   │"
"│                   │  v           view diff                                   │                   │"
"│                   │  Esc         clear this repository's selection           │                   │"
"│                   │  ← / h       back to repositories                        │                   │"
"│                   │                                                          │                   │"
"│                   │Graph                                                     │                   │"
"│                   │  ↑↓←→        scroll                                      │                   │"
"│                   │  f           fullscreen                                  │                   │"
"│                   │  Esc / g     back                                        │                   │"
"│                   │                                                          │                   │"
"│                   └──────────────────────────────────────────────────────────┘                   │"
"│                                           ││                                                     │"
"└───────────────────────────────────────────┘└─────────────────────────────────────────────────────┘"
" Space mark  → details  a smart select  p/c/X prune/gc/deep clean  / filter  s sort  ? help         "
