---
source: src/ui/tests.rs
expression: "render(&mut state, 100, 20)"
---
"🦥 sloth v0.2.0  /work · 3 repos · .git 168.0 MB · 1.5 GB reclaimable · 3 cleanable branche[Default]" Hidden by multi-width symbols: [(1, " ")]
" 1 Repos │ 2 Branches │ 3 Queue │ 4 Dashboard                                                       "
"┌ Repositories ─────────┐┌ Cleanable branches ───┐┌ Reclaimable ──────────┐┌ .git total ───────────┐"
"│           3           ││           3           ││        1.5 GB         ││       168.0 MB        │"
"│ 1 with local changes  ││ 3 merged · 1 gone · 3 ││  untracked & ignored  ││1 stashes · 1 worktrees│"
"│                       ││         stale         ││         files         ││                       │"
"└───────────────────────┘└───────────────────────┘└───────────────────────┘└───────────────────────┘"
"┌ Where to start ──────────────────────────────────────────────────────────────────────────────────┐"
"│Repository                                         Branches  Stashes Worktrees   Reclaim      .git│"
"│api                                                       2        1         1  310.0 MB   48.0 MB│"
"│web                                                       1        0         0    1.2 GB  120.0 MB│"
"│                                                                                                  │"
"│                                                                                                  │"
"│                                                                                                  │"
"│                                                                                                  │"
"│                                                                                                  │"
"│                                                                                                  │"
"│                                                                                                  │"
"└ a queue every merged & gone branch  Enter open repository ───────────────────────────────────────┘"
" a queue all cleanable  Enter open repo  ? help                                                     "
